Archive member included to satisfy reference by file (symbol)

c:/ac6/systemworkbench/plugins/fr.ac6.mcu.externaltools.arm-none.win32_1.13.2.201705091103/tools/compiler/bin/../lib/gcc/arm-none-eabi/5.4.1/../../../../arm-none-eabi/lib/armv7e-m/fpu\libc_nano.a(lib_a-exit.o)
                              c:/ac6/systemworkbench/plugins/fr.ac6.mcu.externaltools.arm-none.win32_1.13.2.201705091103/tools/compiler/bin/../lib/gcc/arm-none-eabi/5.4.1/../../../../arm-none-eabi/lib/armv7e-m/fpu/crt0.o (exit)
c:/ac6/systemworkbench/plugins/fr.ac6.mcu.externaltools.arm-none.win32_1.13.2.201705091103/tools/compiler/bin/../lib/gcc/arm-none-eabi/5.4.1/../../../../arm-none-eabi/lib/armv7e-m/fpu\libc_nano.a(lib_a-impure.o)
                              c:/ac6/systemworkbench/plugins/fr.ac6.mcu.externaltools.arm-none.win32_1.13.2.201705091103/tools/compiler/bin/../lib/gcc/arm-none-eabi/5.4.1/../../../../arm-none-eabi/lib/armv7e-m/fpu\libc_nano.a(lib_a-exit.o) (_global_impure_ptr)
c:/ac6/systemworkbench/plugins/fr.ac6.mcu.externaltools.arm-none.win32_1.13.2.201705091103/tools/compiler/bin/../lib/gcc/arm-none-eabi/5.4.1/../../../../arm-none-eabi/lib/armv7e-m/fpu\libc_nano.a(lib_a-init.o)
                              c:/ac6/systemworkbench/plugins/fr.ac6.mcu.externaltools.arm-none.win32_1.13.2.201705091103/tools/compiler/bin/../lib/gcc/arm-none-eabi/5.4.1/../../../../arm-none-eabi/lib/armv7e-m/fpu/crt0.o (__libc_init_array)
c:/ac6/systemworkbench/plugins/fr.ac6.mcu.externaltools.arm-none.win32_1.13.2.201705091103/tools/compiler/bin/../lib/gcc/arm-none-eabi/5.4.1/../../../../arm-none-eabi/lib/armv7e-m/fpu\libc_nano.a(lib_a-memset.o)
                              c:/ac6/systemworkbench/plugins/fr.ac6.mcu.externaltools.arm-none.win32_1.13.2.201705091103/tools/compiler/bin/../lib/gcc/arm-none-eabi/5.4.1/../../../../arm-none-eabi/lib/armv7e-m/fpu/crt0.o (memset)
c:/ac6/systemworkbench/plugins/fr.ac6.mcu.externaltools.arm-none.win32_1.13.2.201705091103/tools/compiler/bin/../lib/gcc/arm-none-eabi/5.4.1/../../../../arm-none-eabi/lib/armv7e-m/fpu\libnosys.a(_exit.o)
                              c:/ac6/systemworkbench/plugins/fr.ac6.mcu.externaltools.arm-none.win32_1.13.2.201705091103/tools/compiler/bin/../lib/gcc/arm-none-eabi/5.4.1/../../../../arm-none-eabi/lib/armv7e-m/fpu\libc_nano.a(lib_a-exit.o) (_exit)

Allocating common symbols
Common symbol       size              file

htim4               0x3c              Src/main.o
uwTick              0x4               Drivers/STM32F4xx_HAL_Driver/Src/stm32f4xx_hal.o
pFlash              0x20              Drivers/STM32F4xx_HAL_Driver/Src/stm32f4xx_hal_flash.o
Id                  0x4               Src/main.o
htim5               0x3c              Src/main.o
noOfOnes            0x4               Src/IR.o
htim3               0x3c              Src/main.o
hadc1               0x48              Src/main.o
toReturn            0x1               Src/IR.o
receivedMessage     0x1               Src/main.o
messageToBeSent     0x1               Src/main.o
uwPrescalerValue    0x4               Src/main.o
pwm                 0x4               Src/main.o
htim2               0x3c              Src/main.o
hcan1               0x44              Src/main.o
ADC_Val             0x4               Src/main.o
htim7               0x3c              Src/main.o
datarx              0xc               Src/main.o

Discarded input sections

 .text          0x00000000        0x0 c:/ac6/systemworkbench/plugins/fr.ac6.mcu.externaltools.arm-none.win32_1.13.2.201705091103/tools/compiler/bin/../lib/gcc/arm-none-eabi/5.4.1/armv7e-m/fpu/crti.o
 .data          0x00000000        0x0 c:/ac6/systemworkbench/plugins/fr.ac6.mcu.externaltools.arm-none.win32_1.13.2.201705091103/tools/compiler/bin/../lib/gcc/arm-none-eabi/5.4.1/armv7e-m/fpu/crti.o
 .bss           0x00000000        0x0 c:/ac6/systemworkbench/plugins/fr.ac6.mcu.externaltools.arm-none.win32_1.13.2.201705091103/tools/compiler/bin/../lib/gcc/arm-none-eabi/5.4.1/armv7e-m/fpu/crti.o
 .data          0x00000000        0x4 c:/ac6/systemworkbench/plugins/fr.ac6.mcu.externaltools.arm-none.win32_1.13.2.201705091103/tools/compiler/bin/../lib/gcc/arm-none-eabi/5.4.1/armv7e-m/fpu/crtbegin.o
 .text          0x00000000       0x74 c:/ac6/systemworkbench/plugins/fr.ac6.mcu.externaltools.arm-none.win32_1.13.2.201705091103/tools/compiler/bin/../lib/gcc/arm-none-eabi/5.4.1/../../../../arm-none-eabi/lib/armv7e-m/fpu/crt0.o
 .data          0x00000000        0x0 c:/ac6/systemworkbench/plugins/fr.ac6.mcu.externaltools.arm-none.win32_1.13.2.201705091103/tools/compiler/bin/../lib/gcc/arm-none-eabi/5.4.1/../../../../arm-none-eabi/lib/armv7e-m/fpu/crt0.o
 .bss           0x00000000        0x0 c:/ac6/systemworkbench/plugins/fr.ac6.mcu.externaltools.arm-none.win32_1.13.2.201705091103/tools/compiler/bin/../lib/gcc/arm-none-eabi/5.4.1/../../../../arm-none-eabi/lib/armv7e-m/fpu/crt0.o
[...]
Memory Configuration

Name             Origin             Length             Attributes
RAM              0x20000000         0x00020000         xrw
CCMRAM           0x10000000         0x00010000         rw
FLASH            0x08000000         0x00100000         xr
*default*        0x00000000         0xffffffff

Linker script and memory map

LOAD c:/ac6/systemworkbench/plugins/fr.ac6.mcu.externaltools.arm-none.win32_1.13.2.201705091103/tools/compiler/bin/../lib/gcc/arm-none-eabi/5.4.1/armv7e-m/fpu/crti.o
LOAD c:/ac6/systemworkbench/plugins/fr.ac6.mcu.externaltools.arm-none.win32_1.13.2.201705091103/tools/compiler/bin/../lib/gcc/arm-none-eabi/5.4.1/armv7e-m/fpu/crtbegin.o
LOAD c:/ac6/systemworkbench/plugins/fr.ac6.mcu.externaltools.arm-none.win32_1.13.2.201705091103/tools/compiler/bin/../lib/gcc/arm-none-eabi/5.4.1/../../../../arm-none-eabi/lib/armv7e-m/fpu/crt0.o
LOAD Drivers/STM32F4xx_HAL_Driver/Src/stm32f4xx_hal.o
LOAD Drivers/STM32F4xx_HAL_Driver/Src/stm32f4xx_hal_adc.o
LOAD Drivers/STM32F4xx_HAL_Driver/Src/stm32f4xx_hal_adc_ex.o
LOAD Drivers/STM32F4xx_HAL_Driver/Src/stm32f4xx_hal_can.o
LOAD Drivers/STM32F4xx_HAL_Driver/Src/stm32f4xx_hal_cortex.o
LOAD Drivers/STM32F4xx_HAL_Driver/Src/stm32f4xx_hal_dma.o
LOAD Drivers/STM32F4xx_HAL_Driver/Src/stm32f4xx_hal_dma_ex.o
LOAD Drivers/STM32F4xx_HAL_Driver/Src/stm32f4xx_hal_flash.o
LOAD Drivers/STM32F4xx_HAL_Driver/Src/stm32f4xx_hal_flash_ex.o
LOAD Drivers/STM32F4xx_HAL_Driver/Src/stm32f4xx_hal_flash_ramfunc.o
LOAD Drivers/STM32F4xx_HAL_Driver/Src/stm32f4xx_hal_gpio.o
LOAD Drivers/STM32F4xx_HAL_Driver/Src/stm32f4xx_hal_pwr.o
LOAD Drivers/STM32F4xx_HAL_Driver/Src/stm32f4xx_hal_pwr_ex.o
LOAD Drivers/STM32F4xx_HAL_Driver/Src/stm32f4xx_hal_rcc.o
LOAD Drivers/STM32F4xx_HAL_Driver/Src/stm32f4xx_hal_rcc_ex.o
LOAD Drivers/STM32F4xx_HAL_Driver/Src/stm32f4xx_hal_tim.o
LOAD Drivers/STM32F4xx_HAL_Driver/Src/stm32f4xx_hal_tim_ex.o
LOAD Src/IR.o
LOAD Src/buttons.o
LOAD Src/leds.o
LOAD Src/main.o
LOAD Src/stm32f4_discovery.o
LOAD Src/stm32f4xx_hal_msp.o
LOAD Src/stm32f4xx_it.o
LOAD Src/system_stm32f4xx.o
LOAD startup/startup_stm32f407xx.o
LOAD c:/ac6/systemworkbench/plugins/fr.ac6.mcu.externaltools.arm-none.win32_1.13.2.201705091103/tools/compiler/bin/../lib/gcc/arm-none-eabi/5.4.1/../../../../arm-none-eabi/lib/armv7e-m/fpu\libm.a
START GROUP
LOAD c:/ac6/systemworkbench/plugins/fr.ac6.mcu.externaltools.arm-none.win32_1.13.2.201705091103/tools/compiler/bin/../lib/gcc/arm-none-eabi/5.4.1/armv7e-m/fpu\libgcc.a
LOAD c:/ac6/systemworkbench/plugins/fr.ac6.mcu.externaltools.arm-none.win32_1.13.2.201705091103/tools/compiler/bin/../lib/gcc/arm-none-eabi/5.4.1/../../../../arm-none-eabi/lib/armv7e-m/fpu\libc_nano.a
END GROUP
START GROUP
LOAD c:/ac6/systemworkbench/plugins/fr.ac6.mcu.externaltools.arm-none.win32_1.13.2.201705091103/tools/compiler/bin/../lib/gcc/arm-none-eabi/5.4.1/armv7e-m/fpu\libgcc.a
LOAD c:/ac6/systemworkbench/plugins/fr.ac6.mcu.externaltools.arm-none.win32_1.13.2.201705091103/tools/compiler/bin/../lib/gcc/arm-none-eabi/5.4.1/../../../../arm-none-eabi/lib/armv7e-m/fpu\libc_nano.a
LOAD c:/ac6/systemworkbench/plugins/fr.ac6.mcu.externaltools.arm-none.win32_1.13.2.201705091103/tools/compiler/bin/../lib/gcc/arm-none-eabi/5.4.1/../../../../arm-none-eabi/lib/armv7e-m/fpu\libnosys.a
END GROUP
START GROUP
LOAD c:/ac6/systemworkbench/plugins/fr.ac6.mcu.externaltools.arm-none.win32_1.13.2.201705091103/tools/compiler/bin/../lib/gcc/arm-none-eabi/5.4.1/armv7e-m/fpu\libgcc.a
LOAD c:/ac6/systemworkbench/plugins/fr.ac6.mcu.externaltools.arm-none.win32_1.13.2.201705091103/tools/compiler/bin/../lib/gcc/arm-none-eabi/5.4.1/../../../../arm-none-eabi/lib/armv7e-m/fpu\libc_nano.a
LOAD c:/ac6/systemworkbench/plugins/fr.ac6.mcu.externaltools.arm-none.win32_1.13.2.201705091103/tools/compiler/bin/../lib/gcc/arm-none-eabi/5.4.1/../../../../arm-none-eabi/lib/armv7e-m/fpu\libnosys.a
END GROUP
LOAD c:/ac6/systemworkbench/plugins/fr.ac6.mcu.externaltools.arm-none.win32_1.13.2.201705091103/tools/compiler/bin/../lib/gcc/arm-none-eabi/5.4.1/armv7e-m/fpu/crtend.o
LOAD c:/ac6/systemworkbench/plugins/fr.ac6.mcu.externaltools.arm-none.win32_1.13.2.201705091103/tools/compiler/bin/../lib/gcc/arm-none-eabi/5.4.1/armv7e-m/fpu/crtn.o
                0x20020000                _estack = 0x20020000
                0x00000200                _Min_Heap_Size = 0x200
                0x00000400                _Min_Stack_Size = 0x400

.isr_vector     0x08000000      0x188
                0x08000000                . = ALIGN (0x4)
 *(.isr_vector)
 .isr_vector    0x08000000      0x188 startup/startup_stm32f407xx.o
                0x08000000                g_pfnVectors
                0x08000188                . = ALIGN (0x4)

.text           0x08000188     0x34ac
                0x08000188                . = ALIGN (0x4)
 *(.text)
 .text          0x08000188       0x5c c:/ac6/systemworkbench/plugins/fr.ac6.mcu.externaltools.arm-none.win32_1.13.2.201705091103/tools/compiler/bin/../lib/gcc/arm-none-eabi/5.4.1/armv7e-m/fpu/crtbegin.o
 *(.text*)
 .text.HAL_InitTick
                0x080001e4       0x2c Drivers/STM32F4xx_HAL_Driver/Src/stm32f4xx_hal.o
                0x080001e4                HAL_InitTick
 .text.HAL_Init
                0x08000210       0x34 Drivers/STM32F4xx_HAL_Driver/Src/stm32f4xx_hal.o
                0x08000210                HAL_Init
 .text.HAL_IncTick
                0x08000244       0x10 Drivers/STM32F4xx_HAL_Driver/Src/stm32f4xx_hal.o
                0x08000244                HAL_IncTick
 .text.HAL_GetTick
                0x08000254        0xc Drivers/STM32F4xx_HAL_Driver/Src/stm32f4xx_hal.o
                0x08000254                HAL_GetTick
 .text.ADC_Init
                0x08000260      0x138 Drivers/STM32F4xx_HAL_Driver/Src/stm32f4xx_hal_adc.o
 .text.HAL_ADC_Init
                0x08000398       0x54 Drivers/STM32F4xx_HAL_Driver/Src/stm32f4xx_hal_adc.o
                0x08000398                HAL_ADC_Init
 .text.HAL_ADC_Start
                0x080003ec       0xf8 Drivers/STM32F4xx_HAL_Driver/Src/stm32f4xx_hal_adc.o
                0x080003ec                HAL_ADC_Start
 .text.HAL_ADC_GetValue
                0x080004e4        0x8 Drivers/STM32F4xx_HAL_Driver/Src/stm32f4xx_hal_adc.o
                0x080004e4                HAL_ADC_GetValue
 .text.HAL_ADC_ConfigChannel
                0x080004ec      0x18c Drivers/STM32F4xx_HAL_Driver/Src/stm32f4xx_hal_adc.o
                0x080004ec                HAL_ADC_ConfigChannel
 .text.HAL_CAN_ConfigFilter
                0x08000678      0x10c Drivers/STM32F4xx_HAL_Driver/Src/stm32f4xx_hal_can.o
                0x08000678                HAL_CAN_ConfigFilter
 .text.HAL_CAN_Init
                0x08000784      0x188 Drivers/STM32F4xx_HAL_Driver/Src/stm32f4xx_hal_can.o
                0x08000784                HAL_CAN_Init
 .text.HAL_CAN_DeInit
                0x0800090c       0x20 Drivers/STM32F4xx_HAL_Driver/Src/stm32f4xx_hal_can.o
                0x0800090c                HAL_CAN_DeInit
 .text.HAL_CAN_Transmit
                0x0800092c      0x214 Drivers/STM32F4xx_HAL_Driver/Src/stm32f4xx_hal_can.o
                0x0800092c                HAL_CAN_Transmit
 .text.HAL_CAN_Receive
                0x08000b40      0x290 Drivers/STM32F4xx_HAL_Driver/Src/stm32f4xx_hal_can.o
                0x08000b40                HAL_CAN_Receive
 .text.HAL_NVIC_SetPriorityGrouping
                0x08000dd0       0x24 Drivers/STM32F4xx_HAL_Driver/Src/stm32f4xx_hal_cortex.o
                0x08000dd0                HAL_NVIC_SetPriorityGrouping
 .text.HAL_NVIC_SetPriority
                0x08000df4       0x64 Drivers/STM32F4xx_HAL_Driver/Src/stm32f4xx_hal_cortex.o
                0x08000df4                HAL_NVIC_SetPriority
 .text.HAL_NVIC_EnableIRQ
                0x08000e58       0x18 Drivers/STM32F4xx_HAL_Driver/Src/stm32f4xx_hal_cortex.o
                0x08000e58                HAL_NVIC_EnableIRQ
 .text.HAL_SYSTICK_Config
                0x08000e70       0x2c Drivers/STM32F4xx_HAL_Driver/Src/stm32f4xx_hal_cortex.o
                0x08000e70                HAL_SYSTICK_Config
 .text.HAL_SYSTICK_CLKSourceConfig
                0x08000e9c       0x20 Drivers/STM32F4xx_HAL_Driver/Src/stm32f4xx_hal_cortex.o
                0x08000e9c                HAL_SYSTICK_CLKSourceConfig
 .text.HAL_SYSTICK_Callback
                0x08000ebc        0x4 Drivers/STM32F4xx_HAL_Driver/Src/stm32f4xx_hal_cortex.o
                0x08000ebc                HAL_SYSTICK_Callback
 .text.HAL_SYSTICK_IRQHandler
                0x08000ec0        0x8 Drivers/STM32F4xx_HAL_Driver/Src/stm32f4xx_hal_cortex.o
                0x08000ec0                HAL_SYSTICK_IRQHandler
 .text.HAL_GPIO_Init
                0x08000ec8      0x1c0 Drivers/STM32F4xx_HAL_Driver/Src/stm32f4xx_hal_gpio.o
                0x08000ec8                HAL_GPIO_Init
 .text.HAL_GPIO_DeInit
                0x08001088      0x11c Drivers/STM32F4xx_HAL_Driver/Src/stm32f4xx_hal_gpio.o
                0x08001088                HAL_GPIO_DeInit
 .text.HAL_GPIO_ReadPin
                0x080011a4       0x10 Drivers/STM32F4xx_HAL_Driver/Src/stm32f4xx_hal_gpio.o
                0x080011a4                HAL_GPIO_ReadPin
 .text.HAL_GPIO_WritePin
                0x080011b4        0xc Drivers/STM32F4xx_HAL_Driver/Src/stm32f4xx_hal_gpio.o
                0x080011b4                HAL_GPIO_WritePin
 .text.HAL_GPIO_TogglePin
                0x080011c0        0x8 Drivers/STM32F4xx_HAL_Driver/Src/stm32f4xx_hal_gpio.o
                0x080011c0                HAL_GPIO_TogglePin
 .text.HAL_RCC_OscConfig
                0x080011c8      0x3c8 Drivers/STM32F4xx_HAL_Driver/Src/stm32f4xx_hal_rcc.o
                0x080011c8                HAL_RCC_OscConfig
 .text.HAL_RCC_GetSysClockFreq
                0x08001590       0xa4 Drivers/STM32F4xx_HAL_Driver/Src/stm32f4xx_hal_rcc.o
                0x08001590                HAL_RCC_GetSysClockFreq
 .text.HAL_RCC_ClockConfig
                0x08001634      0x1b0 Drivers/STM32F4xx_HAL_Driver/Src/stm32f4xx_hal_rcc.o
                0x08001634                HAL_RCC_ClockConfig
 .text.HAL_RCC_GetHCLKFreq
                0x080017e4        0xc Drivers/STM32F4xx_HAL_Driver/Src/stm32f4xx_hal_rcc.o
                0x080017e4                HAL_RCC_GetHCLKFreq
 .text.TIM_OC1_SetConfig
                0x080017f0       0x68 Drivers/STM32F4xx_HAL_Driver/Src/stm32f4xx_hal_tim.o
 .text.TIM_OC3_SetConfig
                0x08001858       0x6c Drivers/STM32F4xx_HAL_Driver/Src/stm32f4xx_hal_tim.o
 .text.TIM_OC4_SetConfig
                0x080018c4       0x5c Drivers/STM32F4xx_HAL_Driver/Src/stm32f4xx_hal_tim.o
 .text.TIM_TI1_ConfigInputStage
                0x08001920       0x28 Drivers/STM32F4xx_HAL_Driver/Src/stm32f4xx_hal_tim.o
 .text.TIM_TI2_ConfigInputStage
                0x08001948       0x28 Drivers/STM32F4xx_HAL_Driver/Src/stm32f4xx_hal_tim.o
 .text.TIM_ITRx_SetConfig
                0x08001970       0x10 Drivers/STM32F4xx_HAL_Driver/Src/stm32f4xx_hal_tim.o
 .text.TIM_ETR_SetConfig
                0x08001980       0x1c Drivers/STM32F4xx_HAL_Driver/Src/stm32f4xx_hal_tim.o
 .text.HAL_TIM_Base_Start_IT
                0x0800199c       0x18 Drivers/STM32F4xx_HAL_Driver/Src/stm32f4xx_hal_tim.o
                0x0800199c                HAL_TIM_Base_Start_IT
 .text.HAL_TIM_Base_Stop_IT
                0x080019b4       0x2c Drivers/STM32F4xx_HAL_Driver/Src/stm32f4xx_hal_tim.o
                0x080019b4                HAL_TIM_Base_Stop_IT
 .text.HAL_TIM_ConfigClockSource
                0x080019e0      0x114 Drivers/STM32F4xx_HAL_Driver/Src/stm32f4xx_hal_tim.o
                0x080019e0                HAL_TIM_ConfigClockSource
 .text.HAL_TIM_PeriodElapsedCallback
                0x08001af4        0x4 Drivers/STM32F4xx_HAL_Driver/Src/stm32f4xx_hal_tim.o
                0x08001af4                HAL_TIM_PeriodElapsedCallback
 .text.HAL_TIM_OC_DelayElapsedCallback
                0x08001af8        0x4 Drivers/STM32F4xx_HAL_Driver/Src/stm32f4xx_hal_tim.o
                0x08001af8                HAL_TIM_OC_DelayElapsedCallback
 .text.HAL_TIM_IC_CaptureCallback
                0x08001afc        0x4 Drivers/STM32F4xx_HAL_Driver/Src/stm32f4xx_hal_tim.o
                0x08001afc                HAL_TIM_IC_CaptureCallback
 .text.HAL_TIM_PWM_PulseFinishedCallback
                0x08001b00        0x4 Drivers/STM32F4xx_HAL_Driver/Src/stm32f4xx_hal_tim.o
                0x08001b00                HAL_TIM_PWM_PulseFinishedCallback
 .text.HAL_TIM_TriggerCallback
                0x08001b04        0x4 Drivers/STM32F4xx_HAL_Driver/Src/stm32f4xx_hal_tim.o
                0x08001b04                HAL_TIM_TriggerCallback
 .text.HAL_TIM_IRQHandler
                0x08001b08      0x174 Drivers/STM32F4xx_HAL_Driver/Src/stm32f4xx_hal_tim.o
                0x08001b08                HAL_TIM_IRQHandler
 .text.TIM_Base_SetConfig
                0x08001c7c      0x11c Drivers/STM32F4xx_HAL_Driver/Src/stm32f4xx_hal_tim.o
                0x08001c7c                TIM_Base_SetConfig
 .text.HAL_TIM_Base_Init
                0x08001d98       0x38 Drivers/STM32F4xx_HAL_Driver/Src/stm32f4xx_hal_tim.o
                0x08001d98                HAL_TIM_Base_Init
 .text.HAL_TIM_PWM_Init
                0x08001dd0       0x38 Drivers/STM32F4xx_HAL_Driver/Src/stm32f4xx_hal_tim.o
                0x08001dd0                HAL_TIM_PWM_Init
 .text.TIM_OC2_SetConfig
                0x08001e08       0x70 Drivers/STM32F4xx_HAL_Driver/Src/stm32f4xx_hal_tim.o
                0x08001e08                TIM_OC2_SetConfig
 .text.HAL_TIM_PWM_ConfigChannel
                0x08001e78       0xdc Drivers/STM32F4xx_HAL_Driver/Src/stm32f4xx_hal_tim.o
                0x08001e78                HAL_TIM_PWM_ConfigChannel
 .text.TIM_CCxChannelCmd
                0x08001f54       0x20 Drivers/STM32F4xx_HAL_Driver/Src/stm32f4xx_hal_tim.o
                0x08001f54                TIM_CCxChannelCmd
 .text.HAL_TIM_PWM_Start
                0x08001f74       0x44 Drivers/STM32F4xx_HAL_Driver/Src/stm32f4xx_hal_tim.o
                0x08001f74                HAL_TIM_PWM_Start
 .text.HAL_TIMEx_MasterConfigSynchronization
                0x08001fb8       0x54 Drivers/STM32F4xx_HAL_Driver/Src/stm32f4xx_hal_tim_ex.o
                0x08001fb8                HAL_TIMEx_MasterConfigSynchronization
 .text.HAL_TIMEx_CommutationCallback
                0x0800200c        0x4 Drivers/STM32F4xx_HAL_Driver/Src/stm32f4xx_hal_tim_ex.o
                0x0800200c                HAL_TIMEx_CommutationCallback
 .text.HAL_TIMEx_BreakCallback
                0x08002010        0x4 Drivers/STM32F4xx_HAL_Driver/Src/stm32f4xx_hal_tim_ex.o
                0x08002010                HAL_TIMEx_BreakCallback
 .text.IRdecode
                0x08002014      0x17c Src/IR.o
                0x08002014                IRdecode
 .text.read_button_HB
                0x08002190       0x10 Src/buttons.o
                0x08002190                read_button_HB
 .text.read_button_LB
                0x080021a0       0x10 Src/buttons.o
                0x080021a0                read_button_LB
 .text.read_button_TI
                0x080021b0       0x14 Src/buttons.o
                0x080021b0                read_button_TI
 .text.read_button_DLR
                0x080021c4       0x14 Src/buttons.o
                0x080021c4                read_button_DLR
 .text.high_beam_on
                0x080021d8       0x24 Src/leds.o
                0x080021d8                high_beam_on
 .text.high_beam_off
                0x080021fc       0x24 Src/leds.o
                0x080021fc                high_beam_off
 .text.high_beam_toggle
                0x08002220       0x24 Src/leds.o
                0x08002220                high_beam_toggle
 .text.low_beam_on
                0x08002244       0x24 Src/leds.o
                0x08002244                low_beam_on
 .text.low_beam_toggle
                0x08002268       0x24 Src/leds.o
                0x08002268                low_beam_toggle
 .text.low_beam_off
                0x0800228c       0x24 Src/leds.o
                0x0800228c                low_beam_off
 .text.back_light_off
                0x080022b0       0x18 Src/leds.o
                0x080022b0                back_light_off
 .text.turn_indicator_off
                0x080022c8        0xc Src/leds.o
                0x080022c8                turn_indicator_off
 .text.dlr_on   0x080022d4       0x34 Src/leds.o
                0x080022d4                dlr_on
 .text.dlr_on_turn_indicator
                0x08002308       0x38 Src/leds.o
                0x08002308                dlr_on_turn_indicator
 .text.turn_indicator_on
                0x08002340       0x28 Src/leds.o
                0x08002340                turn_indicator_on
 .text.turn_indicator_toggle
                0x08002368       0x1c Src/leds.o
                0x08002368                turn_indicator_toggle
 .text.dlr_off  0x08002384       0x2c Src/leds.o
                0x08002384                dlr_off
 .text.dlr_toggle
                0x080023b0       0x1c Src/leds.o
                0x080023b0                dlr_toggle
 .text.button_init
                0x080023cc       0x30 Src/main.o
 .text.led_init
                0x080023fc       0x88 Src/main.o
 .text.MX_GPIO_Init
                0x08002484       0xb8 Src/main.o
 .text.pwm_init
                0x0800253c       0x48 Src/main.o
 .text.CAN_filter_init
                0x08002584       0x30 Src/main.o
 .text.CAN_Tx_Brake
                0x080025b4       0x48 Src/main.o
                0x080025b4                CAN_Tx_Brake
 .text.CAN_Tx   0x080025fc       0x48 Src/main.o
                0x080025fc                CAN_Tx
 .text.verif_msg
                0x08002644       0x74 Src/main.o
                0x08002644                verif_msg
 .text.CAN_Rx   0x080026b8       0x3c Src/main.o
                0x080026b8                CAN_Rx
 .text.level    0x080026f4       0x8c Src/main.o
                0x080026f4                level
 .text.CANdecode
                0x08002780       0x2c Src/main.o
                0x08002780                CANdecode
 .text._Error_Handler
                0x080027ac        0x4 Src/main.o
                0x080027ac                _Error_Handler
 .text.MX_ADC1_Init
                0x080027b0       0x68 Src/main.o
 .text.MX_CAN1_Init
                0x08002818       0x7c Src/main.o
 .text.MX_TIM2_Init
                0x08002894       0xa8 Src/main.o
 .text.MX_TIM3_Init
                0x0800293c       0xc0 Src/main.o
 .text.MX_TIM4_Init
                0x080029fc       0x74 Src/main.o
 .text.MX_TIM5_Init
                0x08002a70       0x74 Src/main.o
 .text.MX_TIM7_Init
                0x08002ae4       0x54 Src/main.o
 .text.SystemClock_Config
                0x08002b38       0xc0 Src/main.o
                0x08002b38                SystemClock_Config
 .text.main     0x08002bf8       0xc4 Src/main.o
                0x08002bf8                main
 .text.BSP_LED_Init
                0x08002cbc      0x2d8 Src/stm32f4_discovery.o
                0x08002cbc                BSP_LED_Init
 .text.BSP_LED_On
                0x08002f94       0x20 Src/stm32f4_discovery.o
                0x08002f94                BSP_LED_On
 .text.BSP_LED_Off
                0x08002fb4       0x20 Src/stm32f4_discovery.o
                0x08002fb4                BSP_LED_Off
 .text.BSP_LED_Toggle
                0x08002fd4       0x1c Src/stm32f4_discovery.o
                0x08002fd4                BSP_LED_Toggle
 .text.HAL_MspInit
                0x08002ff0       0x60 Src/stm32f4xx_hal_msp.o
                0x08002ff0                HAL_MspInit
 .text.HAL_ADC_MspInit
                0x08003050       0x48 Src/stm32f4xx_hal_msp.o
                0x08003050                HAL_ADC_MspInit
 .text.HAL_CAN_MspInit
                0x08003098       0x50 Src/stm32f4xx_hal_msp.o
                0x08003098                HAL_CAN_MspInit
 .text.HAL_CAN_MspDeInit
                0x080030e8       0x2c Src/stm32f4xx_hal_msp.o
                0x080030e8                HAL_CAN_MspDeInit
 .text.HAL_TIM_PWM_MspInit
                0x08003114       0x50 Src/stm32f4xx_hal_msp.o
                0x08003114                HAL_TIM_PWM_MspInit
 .text.HAL_TIM_Base_MspInit
                0x08003164       0xa8 Src/stm32f4xx_hal_msp.o
                0x08003164                HAL_TIM_Base_MspInit
 .text.HAL_TIM_MspPostInit
                0x0800320c       0x6c Src/stm32f4xx_hal_msp.o
                0x0800320c                HAL_TIM_MspPostInit
 .text.SVC_Handler
                0x08003278        0x4 Src/stm32f4xx_it.o
                0x08003278                SVC_Handler
 .text.PendSV_Handler
                0x0800327c        0x4 Src/stm32f4xx_it.o
                0x0800327c                PendSV_Handler
 .text.SysTick_Handler
                0x08003280        0xc Src/stm32f4xx_it.o
                0x08003280                SysTick_Handler
 .text.TIM4_IRQHandler
                0x0800328c       0xdc Src/stm32f4xx_it.o
                0x0800328c                TIM4_IRQHandler
 .text.TIM5_IRQHandler
                0x08003368       0xa0 Src/stm32f4xx_it.o
                0x08003368                TIM5_IRQHandler
 .text.TIM7_IRQHandler
                0x08003408      0x128 Src/stm32f4xx_it.o
                0x08003408                TIM7_IRQHandler
 .text.SystemInit
                0x08003530       0x4c Src/system_stm32f4xx.o
                0x08003530                SystemInit
 .text.Reset_Handler
                0x0800357c       0x50 startup/startup_stm32f407xx.o
                0x0800357c                Reset_Handler
 .text.Default_Handler
                0x080035cc        0x2 startup/startup_stm32f407xx.o
                0x080035cc                RTC_Alarm_IRQHandler
                0x080035cc                HASH_RNG_IRQHandler
                0x080035cc                EXTI2_IRQHandler
                0x080035cc                TIM8_CC_IRQHandler
                0x080035cc                DebugMon_Handler
                0x080035cc                TIM1_CC_IRQHandler
                0x080035cc                DMA2_Stream5_IRQHandler
                0x080035cc                HardFault_Handler
                0x080035cc                DMA1_Stream5_IRQHandler
                0x080035cc                PVD_IRQHandler
                0x080035cc                SDIO_IRQHandler
                0x080035cc                TAMP_STAMP_IRQHandler
                0x080035cc                NMI_Handler
                0x080035cc                CAN2_RX1_IRQHandler
                0x080035cc                EXTI3_IRQHandler
                0x080035cc                TIM8_TRG_COM_TIM14_IRQHandler
                0x080035cc                TIM1_UP_TIM10_IRQHandler
                0x080035cc                TIM8_UP_TIM13_IRQHandler
                0x080035cc                I2C3_ER_IRQHandler
                0x080035cc                EXTI0_IRQHandler
                0x080035cc                I2C2_EV_IRQHandler
                0x080035cc                DMA1_Stream2_IRQHandler
                0x080035cc                CAN1_RX0_IRQHandler
                0x080035cc                FPU_IRQHandler
                0x080035cc                OTG_HS_WKUP_IRQHandler
                0x080035cc                UsageFault_Handler
                0x080035cc                CAN2_SCE_IRQHandler
                0x080035cc                DMA2_Stream2_IRQHandler
                0x080035cc                SPI1_IRQHandler
                0x080035cc                TIM6_DAC_IRQHandler
                0x080035cc                TIM1_BRK_TIM9_IRQHandler
                0x080035cc                DCMI_IRQHandler
                0x080035cc                CAN2_RX0_IRQHandler
                0x080035cc                DMA2_Stream3_IRQHandler
                0x080035cc                USART6_IRQHandler
                0x080035cc                USART3_IRQHandler
                0x080035cc                CAN1_RX1_IRQHandler
                0x080035cc                UART5_IRQHandler
                0x080035cc                DMA2_Stream0_IRQHandler
                0x080035cc                I2C1_EV_IRQHandler
                0x080035cc                DMA1_Stream6_IRQHandler
                0x080035cc                DMA1_Stream1_IRQHandler
                0x080035cc                UART4_IRQHandler
                0x080035cc                TIM3_IRQHandler
                0x080035cc                RCC_IRQHandler
                0x080035cc                TIM8_BRK_TIM12_IRQHandler
                0x080035cc                Default_Handler
                0x080035cc                EXTI15_10_IRQHandler
                0x080035cc                ADC_IRQHandler
                0x080035cc                DMA1_Stream7_IRQHandler
                0x080035cc                CAN2_TX_IRQHandler
                0x080035cc                DMA2_Stream7_IRQHandler
                0x080035cc                I2C3_EV_IRQHandler
                0x080035cc                EXTI9_5_IRQHandler
                0x080035cc                RTC_WKUP_IRQHandler
                0x080035cc                ETH_WKUP_IRQHandler
                0x080035cc                SPI2_IRQHandler
                0x080035cc                OTG_HS_EP1_IN_IRQHandler
                0x080035cc                MemManage_Handler
                0x080035cc                DMA1_Stream0_IRQHandler
                0x080035cc                CAN1_TX_IRQHandler
                0x080035cc                EXTI4_IRQHandler
                0x080035cc                FSMC_IRQHandler
                0x080035cc                ETH_IRQHandler
                0x080035cc                OTG_HS_EP1_OUT_IRQHandler
                0x080035cc                WWDG_IRQHandler
                0x080035cc                TIM2_IRQHandler
                0x080035cc                OTG_FS_WKUP_IRQHandler
                0x080035cc                TIM1_TRG_COM_TIM11_IRQHandler
                0x080035cc                OTG_HS_IRQHandler
                0x080035cc                EXTI1_IRQHandler
                0x080035cc                USART2_IRQHandler
                0x080035cc                I2C2_ER_IRQHandler
                0x080035cc                DMA2_Stream1_IRQHandler
                0x080035cc                CAN1_SCE_IRQHandler
                0x080035cc                FLASH_IRQHandler
                0x080035cc                DMA2_Stream4_IRQHandler
                0x080035cc                BusFault_Handler
                0x080035cc                USART1_IRQHandler
                0x080035cc                OTG_FS_IRQHandler
                0x080035cc                SPI3_IRQHandler
                0x080035cc                DMA1_Stream4_IRQHandler
                0x080035cc                I2C1_ER_IRQHandler
                0x080035cc                DMA2_Stream6_IRQHandler
                0x080035cc                DMA1_Stream3_IRQHandler
 *fill*         0x080035ce        0x2 
 .text.__libc_init_array
                0x080035d0       0x4c c:/ac6/systemworkbench/plugins/fr.ac6.mcu.externaltools.arm-none.win32_1.13.2.201705091103/tools/compiler/bin/../lib/gcc/arm-none-eabi/5.4.1/../../../../arm-none-eabi/lib/armv7e-m/fpu\libc_nano.a(lib_a-init.o)
                0x080035d0                __libc_init_array
 *(.glue_7)
 .glue_7        0x0800361c        0x0 linker stubs
 *(.glue_7t)
 .glue_7t       0x0800361c        0x0 linker stubs
 *(.eh_frame)
 .eh_frame      0x0800361c        0x0 c:/ac6/systemworkbench/plugins/fr.ac6.mcu.externaltools.arm-none.win32_1.13.2.201705091103/tools/compiler/bin/../lib/gcc/arm-none-eabi/5.4.1/armv7e-m/fpu/crtbegin.o
 *(.init)
 .init          0x0800361c        0x4 c:/ac6/systemworkbench/plugins/fr.ac6.mcu.externaltools.arm-none.win32_1.13.2.201705091103/tools/compiler/bin/../lib/gcc/arm-none-eabi/5.4.1/armv7e-m/fpu/crti.o
                0x0800361c                _init
 .init          0x08003620        0x8 c:/ac6/systemworkbench/plugins/fr.ac6.mcu.externaltools.arm-none.win32_1.13.2.201705091103/tools/compiler/bin/../lib/gcc/arm-none-eabi/5.4.1/armv7e-m/fpu/crtn.o
 *(.fini)
 .fini          0x08003628        0x4 c:/ac6/systemworkbench/plugins/fr.ac6.mcu.externaltools.arm-none.win32_1.13.2.201705091103/tools/compiler/bin/../lib/gcc/arm-none-eabi/5.4.1/armv7e-m/fpu/crti.o
                0x08003628                _fini
 .fini          0x0800362c        0x8 c:/ac6/systemworkbench/plugins/fr.ac6.mcu.externaltools.arm-none.win32_1.13.2.201705091103/tools/compiler/bin/../lib/gcc/arm-none-eabi/5.4.1/armv7e-m/fpu/crtn.o
                0x08003634                . = ALIGN (0x4)
                0x08003634                _etext = .

.vfp11_veneer   0x08003634        0x0
 .vfp11_veneer  0x08003634        0x0 linker stubs

.v4_bx          0x08003634        0x0
 .v4_bx         0x08003634        0x0 linker stubs

.iplt           0x08003634        0x0
 .iplt          0x08003634        0x0 c:/ac6/systemworkbench/plugins/fr.ac6.mcu.externaltools.arm-none.win32_1.13.2.201705091103/tools/compiler/bin/../lib/gcc/arm-none-eabi/5.4.1/armv7e-m/fpu/crtbegin.o

.rodata         0x08003634       0x5c
                0x08003634                . = ALIGN (0x4)
 *(.rodata)
 .rodata        0x08003634       0x32 Src/stm32f4_discovery.o
                0x08003634                GPIO_PIN
                0x08003660                BUTTON_IRQn
                0x08003664                BUTTON_PIN
 *fill*         0x08003666        0x2 
 .rodata        0x08003668       0x18 Src/system_stm32f4xx.o
                0x08003668                AHBPrescTable
                0x08003678                APBPrescTable
 *(.rodata*)
 .rodata.str1.4
                0x08003680       0x10 Src/main.o
                                  0xe (size before relaxing)
                0x08003690                . = ALIGN (0x4)

.rel.dyn        0x08003690        0x0
 .rel.iplt      0x08003690        0x0 c:/ac6/systemworkbench/plugins/fr.ac6.mcu.externaltools.arm-none.win32_1.13.2.201705091103/tools/compiler/bin/../lib/gcc/arm-none-eabi/5.4.1/armv7e-m/fpu/crtbegin.o

.ARM.extab
 *(.ARM.extab* .gnu.linkonce.armextab.*)

.ARM            0x08003690        0x0
                0x08003690                __exidx_start = .
 *(.ARM.exidx*)
                0x08003690                __exidx_end = .

.preinit_array  0x08003690        0x0
                0x08003690                PROVIDE (__preinit_array_start, .)
 *(.preinit_array*)
                0x08003690                PROVIDE (__preinit_array_end, .)

.init_array     0x08003690        0x4
                0x08003690                PROVIDE (__init_array_start, .)
 *(SORT(.init_array.*))
 *(.init_array*)
 .init_array    0x08003690        0x4 c:/ac6/systemworkbench/plugins/fr.ac6.mcu.externaltools.arm-none.win32_1.13.2.201705091103/tools/compiler/bin/../lib/gcc/arm-none-eabi/5.4.1/armv7e-m/fpu/crtbegin.o
                0x08003694                PROVIDE (__init_array_end, .)

.fini_array     0x08003694        0x4
                [!provide]                PROVIDE (__fini_array_start, .)
 *(SORT(.fini_array.*))
 *(.fini_array*)
 .fini_array    0x08003694        0x4 c:/ac6/systemworkbench/plugins/fr.ac6.mcu.externaltools.arm-none.win32_1.13.2.201705091103/tools/compiler/bin/../lib/gcc/arm-none-eabi/5.4.1/armv7e-m/fpu/crtbegin.o
                [!provide]                PROVIDE (__fini_array_end, .)
                0x08003698                _sidata = LOADADDR (.data)

.data           0x20000000       0x68 load address 0x08003698
                0x20000000                . = ALIGN (0x4)
                0x20000000                _sdata = .
 *(.data)
 .data          0x20000000        0x2 Src/main.o
                0x20000000                TIM_PERIOD
 *fill*         0x20000002        0x2 
 .data          0x20000004       0x5c Src/stm32f4_discovery.o
                0x20000004                GPIO_PORT
                0x2000005c                BUTTON_PORT
 .data          0x20000060        0x4 Src/stm32f4xx_it.o
                0x20000060                old_value
 .data          0x20000064        0x4 Src/system_stm32f4xx.o
                0x20000064                SystemCoreClock
 *(.data*)
                0x20000068                . = ALIGN (0x4)
                0x20000068                _edata = .
                0x08003700                _siccmram = LOADADDR (.ccmram)

.jcr            0x20000068        0x0 load address 0x08003700
 .jcr           0x20000068        0x0 c:/ac6/systemworkbench/plugins/fr.ac6.mcu.externaltools.arm-none.win32_1.13.2.201705091103/tools/compiler/bin/../lib/gcc/arm-none-eabi/5.4.1/armv7e-m/fpu/crtbegin.o

.igot.plt       0x20000068        0x0 load address 0x08003700
 .igot.plt      0x20000068        0x0 c:/ac6/systemworkbench/plugins/fr.ac6.mcu.externaltools.arm-none.win32_1.13.2.201705091103/tools/compiler/bin/../lib/gcc/arm-none-eabi/5.4.1/armv7e-m/fpu/crtbegin.o

.ccmram         0x10000000        0x0 load address 0x08003700
                0x10000000                . = ALIGN (0x4)
                0x10000000                _sccmram = .
 *(.ccmram)
 *(.ccmram*)
                0x10000000                . = ALIGN (0x4)
                0x10000000                _eccmram = .
                0x10000000                . = ALIGN (0x4)

.bss            0x20000068      0x264
                0x20000068                _sbss = .
                0x20000068                __bss_start__ = _sbss
 *(.bss)
 .bss           0x20000068       0x1c c:/ac6/systemworkbench/plugins/fr.ac6.mcu.externaltools.arm-none.win32_1.13.2.201705091103/tools/compiler/bin/../lib/gcc/arm-none-eabi/5.4.1/armv7e-m/fpu/crtbegin.o
 .bss           0x20000084       0x48 Src/main.o
                0x20000084                TransmitMailbox
                0x200000c8                message
                0x200000ca                FLAG_DLR
                0x200000cb                FLAG_TI
 .bss           0x200000cc       0x1b Src/stm32f4xx_it.o
                0x200000d0                synchronized
                0x200000d4                counter
                0x200000d8                time_elapsed_HB
                0x200000da                press_HB
                0x200000dc                time_elapsed_LB
                0x200000de                press_LB
                0x200000e0                time_elapsed_TI
                0x200000e2                press_TI
                0x200000e4                time_elapsed_DLR
                0x200000e6                press_DLR
 *(.bss*)
 *(COMMON)
 *fill*         0x200000e7        0x1 
 COMMON         0x200000e8        0x4 Drivers/STM32F4xx_HAL_Driver/Src/stm32f4xx_hal.o
                0x200000e8                uwTick
 COMMON         0x200000ec        0x5 Src/IR.o
                0x200000ec                noOfOnes
                0x200000f0                toReturn
 *fill*         0x200000f1        0x3 
 COMMON         0x200000f4      0x1d8 Src/main.o
                0x200000f4                htim4
                0x20000130                Id
                0x20000134                htim5
                0x20000170                htim3
                0x200001ac                hadc1
                0x200001f4                receivedMessage
                0x200001f5                messageToBeSent
                0x200001f8                uwPrescalerValue
                0x200001fc                pwm
                0x20000200                htim2
                0x2000023c                hcan1
                0x20000280                ADC_Val
                0x20000284                htim7
                0x200002c0                datarx
                0x200002cc                . = ALIGN (0x4)
                0x200002cc                _ebss = .
                0x200002cc                __bss_end__ = _ebss

._user_heap_stack
                0x200002cc      0x604
                0x200002d0                . = ALIGN (0x8)
 *fill*         0x200002cc        0x4 
                [!provide]                PROVIDE (end, .)
                [!provide]                PROVIDE (_end, .)
                0x200004d0                . = (. + _Min_Heap_Size)
 *fill*         0x200002d0      0x200 
                0x200008d0                . = (. + _Min_Stack_Size)
 *fill*         0x200004d0      0x400 
                0x200008d0                . = ALIGN (0x8)

/DISCARD/
 libc.a(*)
 libm.a(*)
 libgcc.a(*)

.ARM.attributes
                0x00000000       0x30
 *(.ARM.attributes)
 .ARM.attributes
                0x00000000       0x22 c:/ac6/systemworkbench/plugins/fr.ac6.mcu.externaltools.arm-none.win32_1.13.2.201705091103/tools/compiler/bin/../lib/gcc/arm-none-eabi/5.4.1/armv7e-m/fpu/crti.o
 .ARM.attributes
                0x00000022       0x34 c:/ac6/systemworkbench/plugins/fr.ac6.mcu.externaltools.arm-none.win32_1.13.2.201705091103/tools/compiler/bin/../lib/gcc/arm-none-eabi/5.4.1/armv7e-m/fpu/crtbegin.o
 .ARM.attributes
                0x00000056       0x39 Drivers/STM32F4xx_HAL_Driver/Src/stm32f4xx_hal.o
 .ARM.attributes
                0x0000008f       0x39 Drivers/STM32F4xx_HAL_Driver/Src/stm32f4xx_hal_adc.o
 .ARM.attributes
                0x000000c8       0x39 Drivers/STM32F4xx_HAL_Driver/Src/stm32f4xx_hal_can.o
 .ARM.attributes
                0x00000101       0x39 Drivers/STM32F4xx_HAL_Driver/Src/stm32f4xx_hal_cortex.o
 .ARM.attributes
                0x0000013a       0x39 Drivers/STM32F4xx_HAL_Driver/Src/stm32f4xx_hal_gpio.o
 .ARM.attributes
                0x00000173       0x39 Drivers/STM32F4xx_HAL_Driver/Src/stm32f4xx_hal_rcc.o
 .ARM.attributes
                0x000001ac       0x39 Drivers/STM32F4xx_HAL_Driver/Src/stm32f4xx_hal_tim.o
 .ARM.attributes
                0x000001e5       0x39 Drivers/STM32F4xx_HAL_Driver/Src/stm32f4xx_hal_tim_ex.o
 .ARM.attributes
                0x0000021e       0x39 Src/IR.o
 .ARM.attributes
                0x00000257       0x39 Src/buttons.o
 .ARM.attributes
                0x00000290       0x39 Src/leds.o
 .ARM.attributes
                0x000002c9       0x39 Src/main.o
 .ARM.attributes
                0x00000302       0x39 Src/stm32f4_discovery.o
 .ARM.attributes
                0x0000033b       0x39 Src/stm32f4xx_hal_msp.o
 .ARM.attributes
                0x00000374       0x39 Src/stm32f4xx_it.o
 .ARM.attributes
                0x000003ad       0x39 Src/system_stm32f4xx.o
 .ARM.attributes
                0x000003e6       0x21 startup/startup_stm32f407xx.o
 .ARM.attributes
                0x00000407       0x34 c:/ac6/systemworkbench/plugins/fr.ac6.mcu.externaltools.arm-none.win32_1.13.2.201705091103/tools/compiler/bin/../lib/gcc/arm-none-eabi/5.4.1/../../../../arm-none-eabi/lib/armv7e-m/fpu\libc_nano.a(lib_a-init.o)
 .ARM.attributes
                0x0000043b       0x22 c:/ac6/systemworkbench/plugins/fr.ac6.mcu.externaltools.arm-none.win32_1.13.2.201705091103/tools/compiler/bin/../lib/gcc/arm-none-eabi/5.4.1/armv7e-m/fpu/crtn.o
OUTPUT(ADC.elf elf32-littlearm)

.debug_info     0x00000000     0xf604
 .debug_info    0x00000000      0x928 Drivers/STM32F4xx_HAL_Driver/Src/stm32f4xx_hal.o
 .debug_info    0x00000928      0xdd8 Drivers/STM32F4xx_HAL_Driver/Src/stm32f4xx_hal_adc.o
 .debug_info    0x00001700      0xc36 Drivers/STM32F4xx_HAL_Driver/Src/stm32f4xx_hal_can.o
 .debug_info    0x00002336      0xf0d Drivers/STM32F4xx_HAL_Driver/Src/stm32f4xx_hal_cortex.o
 .debug_info    0x00003243      0x72a Drivers/STM32F4xx_HAL_Driver/Src/stm32f4xx_hal_gpio.o
 .debug_info    0x0000396d      0xce5 Drivers/STM32F4xx_HAL_Driver/Src/stm32f4xx_hal_rcc.o
 .debug_info    0x00004652     0x2e14 Drivers/STM32F4xx_HAL_Driver/Src/stm32f4xx_hal_tim.o
 .debug_info    0x00007466     0x12a5 Drivers/STM32F4xx_HAL_Driver/Src/stm32f4xx_hal_tim_ex.o
 .debug_info    0x0000870b      0x4fb Src/IR.o
 .debug_info    0x00008c06      0x27a Src/buttons.o
 .debug_info    0x00008e80      0xb5f Src/leds.o
 .debug_info    0x000099df     0x2879 Src/main.o
 .debug_info    0x0000c258      0xc24 Src/stm32f4_discovery.o
 .debug_info    0x0000ce7c     0x1639 Src/stm32f4xx_hal_msp.o
 .debug_info    0x0000e4b5      0xbd4 Src/stm32f4xx_it.o
 .debug_info    0x0000f089      0x500 Src/system_stm32f4xx.o
 .debug_info    0x0000f589       0x7b startup/startup_stm32f407xx.o

.debug_abbrev   0x00000000     0x20dc
 .debug_abbrev  0x00000000      0x25c Drivers/STM32F4xx_HAL_Driver/Src/stm32f4xx_hal.o
 .debug_abbrev  0x0000025c      0x27c Drivers/STM32F4xx_HAL_Driver/Src/stm32f4xx_hal_adc.o
 .debug_abbrev  0x000004d8      0x222 Drivers/STM32F4xx_HAL_Driver/Src/stm32f4xx_hal_can.o
 .debug_abbrev  0x000006fa      0x2fe Drivers/STM32F4xx_HAL_Driver/Src/stm32f4xx_hal_cortex.o
 .debug_abbrev  0x000009f8      0x1cd Drivers/STM32F4xx_HAL_Driver/Src/stm32f4xx_hal_gpio.o
 .debug_abbrev  0x00000bc5      0x2b0 Drivers/STM32F4xx_HAL_Driver/Src/stm32f4xx_hal_rcc.o
 .debug_abbrev  0x00000e75      0x21b Drivers/STM32F4xx_HAL_Driver/Src/stm32f4xx_hal_tim.o
 .debug_abbrev  0x00001090      0x21b Drivers/STM32F4xx_HAL_Driver/Src/stm32f4xx_hal_tim_ex.o
 .debug_abbrev  0x000012ab      0x16e Src/IR.o
 .debug_abbrev  0x00001419       0xf6 Src/buttons.o
 .debug_abbrev  0x0000150f      0x1f1 Src/leds.o
 .debug_abbrev  0x00001700      0x2f8 Src/main.o
 .debug_abbrev  0x000019f8      0x1e2 Src/stm32f4_discovery.o
 .debug_abbrev  0x00001bda      0x22a Src/stm32f4xx_hal_msp.o
 .debug_abbrev  0x00001e04      0x1c2 Src/stm32f4xx_it.o
 .debug_abbrev  0x00001fc6      0x104 Src/system_stm32f4xx.o
 .debug_abbrev  0x000020ca       0x12 startup/startup_stm32f407xx.o

.debug_loc      0x00000000     0x69c6
 .debug_loc     0x00000000       0x91 Drivers/STM32F4xx_HAL_Driver/Src/stm32f4xx_hal.o
 .debug_loc     0x00000091      0x87e Drivers/STM32F4xx_HAL_Driver/Src/stm32f4xx_hal_adc.o
 .debug_loc     0x0000090f      0xb02 Drivers/STM32F4xx_HAL_Driver/Src/stm32f4xx_hal_can.o
 .debug_loc     0x00001411      0x548 Drivers/STM32F4xx_HAL_Driver/Src/stm32f4xx_hal_cortex.o
 .debug_loc     0x00001959      0x38f Drivers/STM32F4xx_HAL_Driver/Src/stm32f4xx_hal_gpio.o
 .debug_loc     0x00001ce8      0x622 Drivers/STM32F4xx_HAL_Driver/Src/stm32f4xx_hal_rcc.o
 .debug_loc     0x0000230a     0x3278 Drivers/STM32F4xx_HAL_Driver/Src/stm32f4xx_hal_tim.o
 .debug_loc     0x00005582      0xd74 Drivers/STM32F4xx_HAL_Driver/Src/stm32f4xx_hal_tim_ex.o
 .debug_loc     0x000062f6      0x1a7 Src/IR.o
 .debug_loc     0x0000649d       0x21 Src/leds.o
 .debug_loc     0x000064be      0x1c3 Src/main.o
 .debug_loc     0x00006681       0xe7 Src/stm32f4_discovery.o
 .debug_loc     0x00006768      0x12c Src/stm32f4xx_hal_msp.o
 .debug_loc     0x00006894      0x132 Src/system_stm32f4xx.o

.debug_aranges  0x00000000      0xba0
 .debug_aranges
                0x00000000       0xc8 Drivers/STM32F4xx_HAL_Driver/Src/stm32f4xx_hal.o
 .debug_aranges
                0x000000c8       0xe8 Drivers/STM32F4xx_HAL_Driver/Src/stm32f4xx_hal_adc.o
 .debug_aranges
                0x000001b0       0xb0 Drivers/STM32F4xx_HAL_Driver/Src/stm32f4xx_hal_can.o
 .debug_aranges
                0x00000260       0xa8 Drivers/STM32F4xx_HAL_Driver/Src/stm32f4xx_hal_cortex.o
 .debug_aranges
                0x00000308       0x58 Drivers/STM32F4xx_HAL_Driver/Src/stm32f4xx_hal_gpio.o
 .debug_aranges
                0x00000360       0x88 Drivers/STM32F4xx_HAL_Driver/Src/stm32f4xx_hal_rcc.o
 .debug_aranges
                0x000003e8      0x368 Drivers/STM32F4xx_HAL_Driver/Src/stm32f4xx_hal_tim.o
 .debug_aranges
                0x00000750      0x140 Drivers/STM32F4xx_HAL_Driver/Src/stm32f4xx_hal_tim_ex.o
 .debug_aranges
                0x00000890       0x28 Src/IR.o
 .debug_aranges
                0x000008b8       0x38 Src/buttons.o
 .debug_aranges
                0x000008f0       0xa0 Src/leds.o
 .debug_aranges
                0x00000990       0xc0 Src/main.o
 .debug_aranges
                0x00000a50       0x50 Src/stm32f4_discovery.o
 .debug_aranges
                0x00000aa0       0x68 Src/stm32f4xx_hal_msp.o
 .debug_aranges
                0x00000b08       0x48 Src/stm32f4xx_it.o
 .debug_aranges
                0x00000b50       0x28 Src/system_stm32f4xx.o
 .debug_aranges
                0x00000b78       0x28 startup/startup_stm32f407xx.o

.debug_ranges   0x00000000      0xa98
 .debug_ranges  0x00000000       0xb8 Drivers/STM32F4xx_HAL_Driver/Src/stm32f4xx_hal.o
 .debug_ranges  0x000000b8       0xd8 Drivers/STM32F4xx_HAL_Driver/Src/stm32f4xx_hal_adc.o
 .debug_ranges  0x00000190       0xa0 Drivers/STM32F4xx_HAL_Driver/Src/stm32f4xx_hal_can.o
 .debug_ranges  0x00000230       0x98 Drivers/STM32F4xx_HAL_Driver/Src/stm32f4xx_hal_cortex.o
 .debug_ranges  0x000002c8       0x48 Drivers/STM32F4xx_HAL_Driver/Src/stm32f4xx_hal_gpio.o
 .debug_ranges  0x00000310       0x78 Drivers/STM32F4xx_HAL_Driver/Src/stm32f4xx_hal_rcc.o
 .debug_ranges  0x00000388      0x358 Drivers/STM32F4xx_HAL_Driver/Src/stm32f4xx_hal_tim.o
 .debug_ranges  0x000006e0      0x130 Drivers/STM32F4xx_HAL_Driver/Src/stm32f4xx_hal_tim_ex.o
 .debug_ranges  0x00000810       0x18 Src/IR.o
 .debug_ranges  0x00000828       0x28 Src/buttons.o
 .debug_ranges  0x00000850       0x90 Src/leds.o
 .debug_ranges  0x000008e0       0xb0 Src/main.o
 .debug_ranges  0x00000990       0x40 Src/stm32f4_discovery.o
 .debug_ranges  0x000009d0       0x58 Src/stm32f4xx_hal_msp.o
 .debug_ranges  0x00000a28       0x38 Src/stm32f4xx_it.o
 .debug_ranges  0x00000a60       0x18 Src/system_stm32f4xx.o
 .debug_ranges  0x00000a78       0x20 startup/startup_stm32f407xx.o

.debug_macro    0x00000000    0x22e59
 .debug_macro   0x00000000      0x387 Drivers/STM32F4xx_HAL_Driver/Src/stm32f4xx_hal.o
 .debug_macro   0x00000387      0x898 Drivers/STM32F4xx_HAL_Driver/Src/stm32f4xx_hal.o
 .debug_macro   0x00000c1f      0x1b4 Drivers/STM32F4xx_HAL_Driver/Src/stm32f4xx_hal.o
 .debug_macro   0x00000dd3      0x186 Drivers/STM32F4xx_HAL_Driver/Src/stm32f4xx_hal.o
 .debug_macro   0x00000f59       0x33 Drivers/STM32F4xx_HAL_Driver/Src/stm32f4xx_hal.o
 .debug_macro   0x00000f8c       0x28 Drivers/STM32F4xx_HAL_Driver/Src/stm32f4xx_hal.o
 .debug_macro   0x00000fb4       0x22 Drivers/STM32F4xx_HAL_Driver/Src/stm32f4xx_hal.o
 .debug_macro   0x00000fd6       0x87 Drivers/STM32F4xx_HAL_Driver/Src/stm32f4xx_hal.o
 .debug_macro   0x0000105d       0x44 Drivers/STM32F4xx_HAL_Driver/Src/stm32f4xx_hal.o
 .debug_macro   0x000010a1       0xfd Drivers/STM32F4xx_HAL_Driver/Src/stm32f4xx_hal.o
 .debug_macro   0x0000119e       0x5e Drivers/STM32F4xx_HAL_Driver/Src/stm32f4xx_hal.o
 .debug_macro   0x000011fc      0x1df Drivers/STM32F4xx_HAL_Driver/Src/stm32f4xx_hal.o
 .debug_macro   0x000013db       0x35 Drivers/STM32F4xx_HAL_Driver/Src/stm32f4xx_hal.o
 .debug_macro   0x00001410       0x50 Drivers/STM32F4xx_HAL_Driver/Src/stm32f4xx_hal.o
 .debug_macro   0x00001460      0xe66 Drivers/STM32F4xx_HAL_Driver/Src/stm32f4xx_hal.o
 .debug_macro   0x000022c6    0x15e04 Drivers/STM32F4xx_HAL_Driver/Src/stm32f4xx_hal.o
 .debug_macro   0x000180ca       0x43 Drivers/STM32F4xx_HAL_Driver/Src/stm32f4xx_hal.o
 .debug_macro   0x0001810d     0x3574 Drivers/STM32F4xx_HAL_Driver/Src/stm32f4xx_hal.o
 .debug_macro   0x0001b681       0x52 Drivers/STM32F4xx_HAL_Driver/Src/stm32f4xx_hal.o
 .debug_macro   0x0001b6d3       0x35 Drivers/STM32F4xx_HAL_Driver/Src/stm32f4xx_hal.o
 .debug_macro   0x0001b708       0x9c Drivers/STM32F4xx_HAL_Driver/Src/stm32f4xx_hal.o
 .debug_macro   0x0001b7a4       0x16 Drivers/STM32F4xx_HAL_Driver/Src/stm32f4xx_hal.o
 .debug_macro   0x0001b7ba       0x97 Drivers/STM32F4xx_HAL_Driver/Src/stm32f4xx_hal.o
 .debug_macro   0x0001b851      0x30d Drivers/STM32F4xx_HAL_Driver/Src/stm32f4xx_hal.o
 .debug_macro   0x0001bb5e       0xfd Drivers/STM32F4xx_HAL_Driver/Src/stm32f4xx_hal.o
 .debug_macro   0x0001bc5b       0x10 Drivers/STM32F4xx_HAL_Driver/Src/stm32f4xx_hal.o
 .debug_macro   0x0001bc6b       0x52 Drivers/STM32F4xx_HAL_Driver/Src/stm32f4xx_hal.o
 .debug_macro   0x0001bcbd       0x1f Drivers/STM32F4xx_HAL_Driver/Src/stm32f4xx_hal.o
 .debug_macro   0x0001bcdc       0x43 Drivers/STM32F4xx_HAL_Driver/Src/stm32f4xx_hal.o
 .debug_macro   0x0001bd1f       0x20 Drivers/STM32F4xx_HAL_Driver/Src/stm32f4xx_hal.o
 .debug_macro   0x0001bd3f      0x187 Drivers/STM32F4xx_HAL_Driver/Src/stm32f4xx_hal.o
 .debug_macro   0x0001bec6       0x10 Drivers/STM32F4xx_HAL_Driver/Src/stm32f4xx_hal.o
 .debug_macro   0x0001bed6       0x1c Drivers/STM32F4xx_HAL_Driver/Src/stm32f4xx_hal.o
 .debug_macro   0x0001bef2       0x52 Drivers/STM32F4xx_HAL_Driver/Src/stm32f4xx_hal.o
 .debug_macro   0x0001bf44       0x40 Drivers/STM32F4xx_HAL_Driver/Src/stm32f4xx_hal.o
 .debug_macro   0x0001bf84       0x10 Drivers/STM32F4xx_HAL_Driver/Src/stm32f4xx_hal.o
 .debug_macro   0x0001bf94       0x40 Drivers/STM32F4xx_HAL_Driver/Src/stm32f4xx_hal.o
 .debug_macro   0x0001bfd4       0xd7 Drivers/STM32F4xx_HAL_Driver/Src/stm32f4xx_hal.o
 .debug_macro   0x0001c0ab       0x16 Drivers/STM32F4xx_HAL_Driver/Src/stm32f4xx_hal.o
 .debug_macro   0x0001c0c1      0x18b Drivers/STM32F4xx_HAL_Driver/Src/stm32f4xx_hal.o
 .debug_macro   0x0001c24c       0x50 Drivers/STM32F4xx_HAL_Driver/Src/stm32f4xx_hal.o
 .debug_macro   0x0001c29c      0x96b Drivers/STM32F4xx_HAL_Driver/Src/stm32f4xx_hal.o
 .debug_macro   0x0001cc07      0x9e1 Drivers/STM32F4xx_HAL_Driver/Src/stm32f4xx_hal.o
 .debug_macro   0x0001d5e8      0x11e Drivers/STM32F4xx_HAL_Driver/Src/stm32f4xx_hal.o
 .debug_macro   0x0001d706      0x13e Drivers/STM32F4xx_HAL_Driver/Src/stm32f4xx_hal.o
 .debug_macro   0x0001d844       0x27 Drivers/STM32F4xx_HAL_Driver/Src/stm32f4xx_hal.o
 .debug_macro   0x0001d86b      0x287 Drivers/STM32F4xx_HAL_Driver/Src/stm32f4xx_hal.o
 .debug_macro   0x0001daf2       0x5f Drivers/STM32F4xx_HAL_Driver/Src/stm32f4xx_hal.o
 .debug_macro   0x0001db51      0x23a Drivers/STM32F4xx_HAL_Driver/Src/stm32f4xx_hal.o
 .debug_macro   0x0001dd8b      0x391 Drivers/STM32F4xx_HAL_Driver/Src/stm32f4xx_hal.o
 .debug_macro   0x0001e11c      0x176 Drivers/STM32F4xx_HAL_Driver/Src/stm32f4xx_hal.o
 .debug_macro   0x0001e292       0xf9 Drivers/STM32F4xx_HAL_Driver/Src/stm32f4xx_hal.o
 .debug_macro   0x0001e38b      0x383 Drivers/STM32F4xx_HAL_Driver/Src/stm32f4xx_hal.o
 .debug_macro   0x0001e70e      0x133 Drivers/STM32F4xx_HAL_Driver/Src/stm32f4xx_hal.o
 .debug_macro   0x0001e841      0x21e Drivers/STM32F4xx_HAL_Driver/Src/stm32f4xx_hal.o
 .debug_macro   0x0001ea5f       0x2e Drivers/STM32F4xx_HAL_Driver/Src/stm32f4xx_hal.o
 .debug_macro   0x0001ea8d      0x11e Drivers/STM32F4xx_HAL_Driver/Src/stm32f4xx_hal.o
 .debug_macro   0x0001ebab       0x7f Drivers/STM32F4xx_HAL_Driver/Src/stm32f4xx_hal.o
 .debug_macro   0x0001ec2a       0x89 Drivers/STM32F4xx_HAL_Driver/Src/stm32f4xx_hal.o
 .debug_macro   0x0001ecb3      0x6e0 Drivers/STM32F4xx_HAL_Driver/Src/stm32f4xx_hal.o
 .debug_macro   0x0001f393       0x5b Drivers/STM32F4xx_HAL_Driver/Src/stm32f4xx_hal.o
 .debug_macro   0x0001f3ee      0x14d Drivers/STM32F4xx_HAL_Driver/Src/stm32f4xx_hal.o
 .debug_macro   0x0001f53b      0x125 Drivers/STM32F4xx_HAL_Driver/Src/stm32f4xx_hal.o
 .debug_macro   0x0001f660      0x328 Drivers/STM32F4xx_HAL_Driver/Src/stm32f4xx_hal_adc.o
 .debug_macro   0x0001f988      0x32e Drivers/STM32F4xx_HAL_Driver/Src/stm32f4xx_hal_can.o
 .debug_macro   0x0001fcb6      0x327 Drivers/STM32F4xx_HAL_Driver/Src/stm32f4xx_hal_cortex.o
 .debug_macro   0x0001ffdd      0x35f Drivers/STM32F4xx_HAL_Driver/Src/stm32f4xx_hal_gpio.o
 .debug_macro   0x0002033c      0x351 Drivers/STM32F4xx_HAL_Driver/Src/stm32f4xx_hal_rcc.o
 .debug_macro   0x0002068d      0x328 Drivers/STM32F4xx_HAL_Driver/Src/stm32f4xx_hal_tim.o
 .debug_macro   0x000209b5      0x327 Drivers/STM32F4xx_HAL_Driver/Src/stm32f4xx_hal_tim_ex.o
 .debug_macro   0x00020cdc      0x32a Src/IR.o
 .debug_macro   0x00021006       0x10 Src/IR.o
 .debug_macro   0x00021016       0x3b Src/IR.o
 .debug_macro   0x00021051      0x336 Src/buttons.o
 .debug_macro   0x00021387      0x36b Src/buttons.o
 .debug_macro   0x000216f2      0x330 Src/leds.o
 .debug_macro   0x00021a22      0x371 Src/leds.o
 .debug_macro   0x00021d93      0x36c Src/main.o
 .debug_macro   0x000220ff       0x64 Src/main.o
 .debug_macro   0x00022163      0x354 Src/stm32f4_discovery.o
 .debug_macro   0x000224b7      0x327 Src/stm32f4xx_hal_msp.o
 .debug_macro   0x000227de      0x34e Src/stm32f4xx_it.o
 .debug_macro   0x00022b2c      0x32d Src/system_stm32f4xx.o

.debug_line     0x00000000     0xaee9
 .debug_line    0x00000000      0x99c Drivers/STM32F4xx_HAL_Driver/Src/stm32f4xx_hal.o
 .debug_line    0x0000099c      0xc38 Drivers/STM32F4xx_HAL_Driver/Src/stm32f4xx_hal_adc.o
 .debug_line    0x000015d4      0xd17 Drivers/STM32F4xx_HAL_Driver/Src/stm32f4xx_hal_can.o
 .debug_line    0x000022eb      0x9f9 Drivers/STM32F4xx_HAL_Driver/Src/stm32f4xx_hal_cortex.o
 .debug_line    0x00002ce4      0x973 Drivers/STM32F4xx_HAL_Driver/Src/stm32f4xx_hal_gpio.o
 .debug_line    0x00003657      0xb19 Drivers/STM32F4xx_HAL_Driver/Src/stm32f4xx_hal_rcc.o
 .debug_line    0x00004170     0x17e4 Drivers/STM32F4xx_HAL_Driver/Src/stm32f4xx_hal_tim.o
 .debug_line    0x00005954      0xd93 Drivers/STM32F4xx_HAL_Driver/Src/stm32f4xx_hal_tim_ex.o
 .debug_line    0x000066e7      0x82f Src/IR.o
 .debug_line    0x00006f16      0x82c Src/buttons.o
 .debug_line    0x00007742      0x940 Src/leds.o
 .debug_line    0x00008082      0xabe Src/main.o
 .debug_line    0x00008b40      0x960 Src/stm32f4_discovery.o
 .debug_line    0x000094a0      0x8d6 Src/stm32f4xx_hal_msp.o
 .debug_line    0x00009d76      0x8df Src/stm32f4xx_it.o
 .debug_line    0x0000a655      0x815 Src/system_stm32f4xx.o
 .debug_line    0x0000ae6a       0x7f startup/startup_stm32f407xx.o

.debug_str      0x00000000    0xc9883
 .debug_str     0x00000000    0xc4a96 Drivers/STM32F4xx_HAL_Driver/Src/stm32f4xx_hal.o
                              0xc4e37 (size before relaxing)
 .debug_str     0x000c4a96      0x6b3 Drivers/STM32F4xx_HAL_Driver/Src/stm32f4xx_hal_adc.o
                              0xc4947 (size before relaxing)
 .debug_str     0x000c5149      0x4e5 Drivers/STM32F4xx_HAL_Driver/Src/stm32f4xx_hal_can.o
                              0xc47a7 (size before relaxing)
 .debug_str     0x000c562e      0x3ac Drivers/STM32F4xx_HAL_Driver/Src/stm32f4xx_hal_cortex.o
                              0xc4bff (size before relaxing)
 .debug_str     0x000c59da      0x287 Drivers/STM32F4xx_HAL_Driver/Src/stm32f4xx_hal_gpio.o
                              0xc458d (size before relaxing)
 .debug_str     0x000c5c61      0x39c Drivers/STM32F4xx_HAL_Driver/Src/stm32f4xx_hal_rcc.o
                              0xc478a (size before relaxing)
 .debug_str     0x000c5ffd      0xe6b Drivers/STM32F4xx_HAL_Driver/Src/stm32f4xx_hal_tim.o
                              0xc5383 (size before relaxing)
 .debug_str     0x000c6e68      0x4f4 Drivers/STM32F4xx_HAL_Driver/Src/stm32f4xx_hal_tim_ex.o
                              0xc4c43 (size before relaxing)
 .debug_str     0x000c735c       0xae Src/IR.o
                              0xc429e (size before relaxing)
 .debug_str     0x000c740a     0x1bcb Src/buttons.o
                              0xc5dc8 (size before relaxing)
 .debug_str     0x000c8fd5      0x1dc Src/leds.o
                              0xc6317 (size before relaxing)
 .debug_str     0x000c91b1      0x2ce Src/main.o
                              0xc7558 (size before relaxing)
 .debug_str     0x000c947f      0x239 Src/stm32f4_discovery.o
                              0xc66ee (size before relaxing)
 .debug_str     0x000c96b8       0x2e Src/stm32f4xx_hal_msp.o
                              0xc5159 (size before relaxing)
 .debug_str     0x000c96e6      0x143 Src/stm32f4xx_it.o
                              0xc64b5 (size before relaxing)
 .debug_str     0x000c9829       0x5a Src/system_stm32f4xx.o
                              0xc4375 (size before relaxing)

.comment        0x00000000       0x6e
 .comment       0x00000000       0x6e Drivers/STM32F4xx_HAL_Driver/Src/stm32f4xx_hal.o
                                 0x6f (size before relaxing)
 .comment       0x0000006e       0x6f Drivers/STM32F4xx_HAL_Driver/Src/stm32f4xx_hal_adc.o
 .comment       0x0000006e       0x6f Drivers/STM32F4xx_HAL_Driver/Src/stm32f4xx_hal_can.o
 .comment       0x0000006e       0x6f Drivers/STM32F4xx_HAL_Driver/Src/stm32f4xx_hal_cortex.o
 .comment       0x0000006e       0x6f Drivers/STM32F4xx_HAL_Driver/Src/stm32f4xx_hal_gpio.o
 .comment       0x0000006e       0x6f Drivers/STM32F4xx_HAL_Driver/Src/stm32f4xx_hal_rcc.o
 .comment       0x0000006e       0x6f Drivers/STM32F4xx_HAL_Driver/Src/stm32f4xx_hal_tim.o
 .comment       0x0000006e       0x6f Drivers/STM32F4xx_HAL_Driver/Src/stm32f4xx_hal_tim_ex.o
 .comment       0x0000006e       0x6f Src/IR.o
 .comment       0x0000006e       0x6f Src/buttons.o
 .comment       0x0000006e       0x6f Src/leds.o
 .comment       0x0000006e       0x6f Src/main.o
 .comment       0x0000006e       0x6f Src/stm32f4_discovery.o
 .comment       0x0000006e       0x6f Src/stm32f4xx_hal_msp.o
 .comment       0x0000006e       0x6f Src/stm32f4xx_it.o
 .comment       0x0000006e       0x6f Src/system_stm32f4xx.o

.debug_frame    0x00000000     0x1e04
 .debug_frame   0x00000000      0x198 Drivers/STM32F4xx_HAL_Driver/Src/stm32f4xx_hal.o
 .debug_frame   0x00000198      0x25c Drivers/STM32F4xx_HAL_Driver/Src/stm32f4xx_hal_adc.o
 .debug_frame   0x000003f4      0x200 Drivers/STM32F4xx_HAL_Driver/Src/stm32f4xx_hal_can.o
 .debug_frame   0x000005f4      0x154 Drivers/STM32F4xx_HAL_Driver/Src/stm32f4xx_hal_cortex.o
 .debug_frame   0x00000748       0xc4 Drivers/STM32F4xx_HAL_Driver/Src/stm32f4xx_hal_gpio.o
 .debug_frame   0x0000080c      0x150 Drivers/STM32F4xx_HAL_Driver/Src/stm32f4xx_hal_rcc.o
 .debug_frame   0x0000095c      0x9cc Drivers/STM32F4xx_HAL_Driver/Src/stm32f4xx_hal_tim.o
 .debug_frame   0x00001328      0x3b0 Drivers/STM32F4xx_HAL_Driver/Src/stm32f4xx_hal_tim_ex.o
 .debug_frame   0x000016d8       0x38 Src/IR.o
 .debug_frame   0x00001710       0x70 Src/buttons.o
 .debug_frame   0x00001780      0x180 Src/leds.o
 .debug_frame   0x00001900      0x23c Src/main.o
 .debug_frame   0x00001b3c       0xc4 Src/stm32f4_discovery.o
 .debug_frame   0x00001c00      0x118 Src/stm32f4xx_hal_msp.o
 .debug_frame   0x00001d18       0x90 Src/stm32f4xx_it.o
 .debug_frame   0x00001da8       0x30 Src/system_stm32f4xx.o
 .debug_frame   0x00001dd8       0x2c c:/ac6/systemworkbench/plugins/fr.ac6.mcu.externaltools.arm-none.win32_1.13.2.201705091103/tools/compiler/bin/../lib/gcc/arm-none-eabi/5.4.1/../../../../arm-none-eabi/lib/armv7e-m/fpu\libc_nano.a(lib_a-init.o)
